#-----------------------------------------------------------
# Vivado v2025.1 (64-bit)
# SW Build 6140274 on Thu May 22 00:12:29 MDT 2025
# IP Build 6138677 on Thu May 22 03:10:11 MDT 2025
# SharedData Build 6139179 on Tue May 20 17:58:58 MDT 2025
# Start of session at: Thu Jul 24 19:53:57 2025
# Process ID         : 19448
# Current directory  : C:/Users/rudra/Verilog_Projects/SPI_slave
# Command line       : vivado.exe -gui_launcher_event rodinguilauncherevent25428 C:\Users\rudra\Verilog_Projects\SPI_slave\SPI_slave.xpr
# Log file           : C:/Users/rudra/Verilog_Projects/SPI_slave/vivado.log
# Journal file       : C:/Users/rudra/Verilog_Projects/SPI_slave\vivado.jou
# Running On         : Rudra-PC
# Platform           : Windows Server 2016 or Windows 10
# Operating System   : 26100
# Processor Detail   : 12th Gen Intel(R) Core(TM) i7-1260P
# CPU Frequency      : 2496 MHz
# CPU Physical cores : 12
# CPU Logical cores  : 16
# Host memory        : 16773 MB
# Swap memory        : 3758 MB
# Total Virtual      : 20531 MB
# Available Virtual  : 7183 MB
#-----------------------------------------------------------
start_gui
open_project C:/Users/rudra/Verilog_Projects/SPI_slave/SPI_slave.xpr
update_compile_order -fileset sources_1
launch_simulation
open_wave_config C:/Users/rudra/Verilog_Projects/SPI_slave/SLAVE_tb_behav.wcfg
source SLAVE_tb.tcl
relaunch_sim
close_sim
